2026-06-12T18:22:15.044092Z  INFO 🚀 Starting trunk 0.21.14
2026-06-12T18:22:15.115349Z  INFO 📦 starting build
    Finished `dev` profile [unoptimized + debuginfo] target(s) in 0.16s
2026-06-12T18:22:16.049510Z  INFO applying new distribution
2026-06-12T18:22:16.051975Z  INFO ✅ success
2026-06-12T18:22:16.052058Z  INFO 📡 serving static assets at -> /
2026-06-12T18:22:16.052114Z  INFO 📡 server listening at:
2026-06-12T18:22:16.052136Z  INFO     🏠 http://127.0.0.1:8080/
2026-06-12T18:22:16.052150Z  INFO     🏠 http://[::1]:8080/
2026-06-12T18:22:16.052831Z  INFO     🏠 http://kubernetes.docker.internal.:8080/
2026-06-12T18:22:16.052864Z  INFO     🏠 http://localhost.:8080/
2026-06-12T18:22:39.682153Z  INFO 📦 starting build
    Blocking waiting for file lock on build directory
   Compiling kyle_resume_tui v0.1.0 (/Users/gnocb/work/github_gems/KyleStiers.github.io)
    Finished `dev` profile [unoptimized + debuginfo] target(s) in 1.69s
2026-06-12T18:22:42.426183Z  INFO applying new distribution
2026-06-12T18:22:42.429390Z  INFO ✅ success
2026-06-12T18:22:42.429441Z  INFO 📦 starting build
    Finished `dev` profile [unoptimized + debuginfo] target(s) in 0.12s
2026-06-12T18:22:43.302046Z  INFO applying new distribution
2026-06-12T18:22:43.309063Z  INFO ✅ success
2026-06-12T18:23:47.322563Z  INFO 📦 starting build
    Finished `dev` profile [unoptimized + debuginfo] target(s) in 0.17s
2026-06-12T18:23:48.424750Z  INFO applying new distribution
2026-06-12T18:23:48.427352Z  INFO ✅ success
2026-06-12T18:24:52.074518Z  INFO 📦 starting build
    Finished `dev` profile [unoptimized + debuginfo] target(s) in 0.15s
2026-06-12T18:24:53.140484Z  INFO applying new distribution
2026-06-12T18:24:53.147916Z  INFO ✅ success
